Model: gemini-1.5-flash -> Status: 404
Model: gemini-1.5-flash-001 -> Status: 404
Model: gemini-1.5-flash-002 -> Status: 404
Model: gemini-2.5-flash -> Status: 200
Model: gemini-2.0-flash-exp -> Status: 404
